Archive member included to satisfy reference by file (symbol)

C:/ST/STM32CubeIDE_1.12.0/STM32CubeIDE/plugins/com.st.stm32cube.ide.mcu.externaltools.gnu-tools-for-stm32.11.3.rel1.win32_1.1.100.202309141235/tools/bin/../lib/gcc/arm-none-eabi/11.3.1/../../../../arm-none-eabi/lib/thumb/v7e-m+fp/hard\libc_nano.a(libc_a-exit.o)
                              C:/ST/STM32CubeIDE_1.12.0/STM32CubeIDE/plugins/com.st.stm32cube.ide.mcu.externaltools.gnu-tools-for-stm32.11.3.rel1.win32_1.1.100.202309141235/tools/bin/../lib/gcc/arm-none-eabi/11.3.1/../../../../arm-none-eabi/lib/thumb/v7e-m+fp/hard/crt0.o (exit)
C:/ST/STM32CubeIDE_1.12.0/STM32CubeIDE/plugins/com.st.stm32cube.ide.mcu.externaltools.gnu-tools-for-stm32.11.3.rel1.win32_1.1.100.202309141235/tools/bin/../lib/gcc/arm-none-eabi/11.3.1/../../../../arm-none-eabi/lib/thumb/v7e-m+fp/hard\libc_nano.a(libc_a-findfp.o)
                              C:/ST/STM32CubeIDE_1.12.0/STM32CubeIDE/plugins/com.st.stm32cube.ide.mcu.externaltools.gnu-tools-for-stm32.11.3.rel1.win32_1.1.100.202309141235/tools/bin/../lib/gcc/arm-none-eabi/11.3.1/../../../../arm-none-eabi/lib/thumb/v7e-m+fp/hard\libc_nano.a(libc_a-exit.o) (__stdio_exit_handler)
C:/ST/STM32CubeIDE_1.12.0/STM32CubeIDE/plugins/com.st.stm32cube.ide.mcu.externaltools.gnu-tools-for-stm32.11.3.rel1.win32_1.1.100.202309141235/tools/bin/../lib/gcc/arm-none-eabi/11.3.1/../../../../arm-none-eabi/lib/thumb/v7e-m+fp/hard\libc_nano.a(libc_a-fwalk.o)
                              C:/ST/STM32CubeIDE_1.12.0/STM32CubeIDE/plugins/com.st.stm32cube.ide.mcu.externaltools.gnu-tools-for-stm32.11.3.rel1.win32_1.1.100.202309141235/tools/bin/../lib/gcc/arm-none-eabi/11.3.1/../../../../arm-none-eabi/lib/thumb/v7e-m+fp/hard\libc_nano.a(libc_a-findfp.o) (_fwalk_sglue)
C:/ST/STM32CubeIDE_1.12.0/STM32CubeIDE/plugins/com.st.stm32cube.ide.mcu.externaltools.gnu-tools-for-stm32.11.3.rel1.win32_1.1.100.202309141235/tools/bin/../lib/gcc/arm-none-eabi/11.3.1/../../../../arm-none-eabi/lib/thumb/v7e-m+fp/hard\libc_nano.a(libc_a-stdio.o)
                              C:/ST/STM32CubeIDE_1.12.0/STM32CubeIDE/plugins/com.st.stm32cube.ide.mcu.externaltools.gnu-tools-for-stm32.11.3.rel1.win32_1.1.100.202309141235/tools/bin/../lib/gcc/arm-none-eabi/11.3.1/../../../../arm-none-eabi/lib/thumb/v7e-m+fp/hard\libc_nano.a(libc_a-findfp.o) (__sread)
C:/ST/STM32CubeIDE_1.12.0/STM32CubeIDE/plugins/com.st.stm32cube.ide.mcu.externaltools.gnu-tools-for-stm32.11.3.rel1.win32_1.1.100.202309141235/tools/bin/../lib/gcc/arm-none-eabi/11.3.1/../../../../arm-none-eabi/lib/thumb/v7e-m+fp/hard\libc_nano.a(libc_a-memset.o)
                              C:/ST/STM32CubeIDE_1.12.0/STM32CubeIDE/plugins/com.st.stm32cube.ide.mcu.externaltools.gnu-tools-for-stm32.11.3.rel1.win32_1.1.100.202309141235/tools/bin/../lib/gcc/arm-none-eabi/11.3.1/../../../../arm-none-eabi/lib/thumb/v7e-m+fp/hard/crt0.o (memset)
C:/ST/STM32CubeIDE_1.12.0/STM32CubeIDE/plugins/com.st.stm32cube.ide.mcu.externaltools.gnu-tools-for-stm32.11.3.rel1.win32_1.1.100.202309141235/tools/bin/../lib/gcc/arm-none-eabi/11.3.1/../../../../arm-none-eabi/lib/thumb/v7e-m+fp/hard\libc_nano.a(libc_a-closer.o)
                              C:/ST/STM32CubeIDE_1.12.0/STM32CubeIDE/plugins/com.st.stm32cube.ide.mcu.externaltools.gnu-tools-for-stm32.11.3.rel1.win32_1.1.100.202309141235/tools/bin/../lib/gcc/arm-none-eabi/11.3.1/../../../../arm-none-eabi/lib/thumb/v7e-m+fp/hard\libc_nano.a(libc_a-stdio.o) (_close_r)
C:/ST/STM32CubeIDE_1.12.0/STM32CubeIDE/plugins/com.st.stm32cube.ide.mcu.externaltools.gnu-tools-for-stm32.11.3.rel1.win32_1.1.100.202309141235/tools/bin/../lib/gcc/arm-none-eabi/11.3.1/../../../../arm-none-eabi/lib/thumb/v7e-m+fp/hard\libc_nano.a(libc_a-reent.o)
                              C:/ST/STM32CubeIDE_1.12.0/STM32CubeIDE/plugins/com.st.stm32cube.ide.mcu.externaltools.gnu-tools-for-stm32.11.3.rel1.win32_1.1.100.202309141235/tools/bin/../lib/gcc/arm-none-eabi/11.3.1/../../../../arm-none-eabi/lib/thumb/v7e-m+fp/hard\libc_nano.a(libc_a-closer.o) (errno)
C:/ST/STM32CubeIDE_1.12.0/STM32CubeIDE/plugins/com.st.stm32cube.ide.mcu.externaltools.gnu-tools-for-stm32.11.3.rel1.win32_1.1.100.202309141235/tools/bin/../lib/gcc/arm-none-eabi/11.3.1/../../../../arm-none-eabi/lib/thumb/v7e-m+fp/hard\libc_nano.a(libc_a-impure.o)
                              C:/ST/STM32CubeIDE_1.12.0/STM32CubeIDE/plugins/com.st.stm32cube.ide.mcu.externaltools.gnu-tools-for-stm32.11.3.rel1.win32_1.1.100.202309141235/tools/bin/../lib/gcc/arm-none-eabi/11.3.1/../../../../arm-none-eabi/lib/thumb/v7e-m+fp/hard\libc_nano.a(libc_a-reent.o) (_impure_ptr)
C:/ST/STM32CubeIDE_1.12.0/STM32CubeIDE/plugins/com.st.stm32cube.ide.mcu.externaltools.gnu-tools-for-stm32.11.3.rel1.win32_1.1.100.202309141235/tools/bin/../lib/gcc/arm-none-eabi/11.3.1/../../../../arm-none-eabi/lib/thumb/v7e-m+fp/hard\libc_nano.a(libc_a-lseekr.o)
[...]
Memory Configuration

Name             Origin             Length             Attributes
FLASH            0x0000000008100000 0x0000000000100000 xr
RAM              0x0000000010000000 0x0000000000048000 xrw
*default*        0x0000000000000000 0xffffffffffffffff

Linker script and memory map

LOAD C:/ST/STM32CubeIDE_1.12.0/STM32CubeIDE/plugins/com.st.stm32cube.ide.mcu.externaltools.gnu-tools-for-stm32.11.3.rel1.win32_1.1.100.202309141235/tools/bin/../lib/gcc/arm-none-eabi/11.3.1/thumb/v7e-m+fp/hard/crti.o
LOAD C:/ST/STM32CubeIDE_1.12.0/STM32CubeIDE/plugins/com.st.stm32cube.ide.mcu.externaltools.gnu-tools-for-stm32.11.3.rel1.win32_1.1.100.202309141235/tools/bin/../lib/gcc/arm-none-eabi/11.3.1/thumb/v7e-m+fp/hard/crtbegin.o
LOAD C:/ST/STM32CubeIDE_1.12.0/STM32CubeIDE/plugins/com.st.stm32cube.ide.mcu.externaltools.gnu-tools-for-stm32.11.3.rel1.win32_1.1.100.202309141235/tools/bin/../lib/gcc/arm-none-eabi/11.3.1/../../../../arm-none-eabi/lib/thumb/v7e-m+fp/hard/crt0.o
LOAD ./Common/Src/system_stm32h7xx_dualcore_boot_cm4_cm7.o
LOAD ./Core/Src/eth.o
LOAD ./Core/Src/iwdg.o
LOAD ./Core/Src/main.o
LOAD ./Core/Src/stm32h7xx_hal_msp.o
LOAD ./Core/Src/stm32h7xx_it.o
LOAD ./Core/Src/syscalls.o
LOAD ./Core/Src/sysmem.o
LOAD ./Core/Src/tim.o
LOAD ./Core/Src/usart.o
LOAD ./Core/Startup/startup_stm32h755zitx.o
LOAD ./Drivers/STM32H7xx_HAL_Driver/stm32h7xx_hal.o
LOAD ./Drivers/STM32H7xx_HAL_Driver/stm32h7xx_hal_cortex.o
LOAD ./Drivers/STM32H7xx_HAL_Driver/stm32h7xx_hal_dma.o
LOAD ./Drivers/STM32H7xx_HAL_Driver/stm32h7xx_hal_dma_ex.o
LOAD ./Drivers/STM32H7xx_HAL_Driver/stm32h7xx_hal_eth.o
LOAD ./Drivers/STM32H7xx_HAL_Driver/stm32h7xx_hal_eth_ex.o
LOAD ./Drivers/STM32H7xx_HAL_Driver/stm32h7xx_hal_exti.o
LOAD ./Drivers/STM32H7xx_HAL_Driver/stm32h7xx_hal_flash.o
LOAD ./Drivers/STM32H7xx_HAL_Driver/stm32h7xx_hal_flash_ex.o
LOAD ./Drivers/STM32H7xx_HAL_Driver/stm32h7xx_hal_gpio.o
LOAD ./Drivers/STM32H7xx_HAL_Driver/stm32h7xx_hal_hsem.o
LOAD ./Drivers/STM32H7xx_HAL_Driver/stm32h7xx_hal_i2c.o
LOAD ./Drivers/STM32H7xx_HAL_Driver/stm32h7xx_hal_i2c_ex.o
LOAD ./Drivers/STM32H7xx_HAL_Driver/stm32h7xx_hal_iwdg.o
LOAD ./Drivers/STM32H7xx_HAL_Driver/stm32h7xx_hal_mdma.o
LOAD ./Drivers/STM32H7xx_HAL_Driver/stm32h7xx_hal_pwr.o
LOAD ./Drivers/STM32H7xx_HAL_Driver/stm32h7xx_hal_pwr_ex.o
LOAD ./Drivers/STM32H7xx_HAL_Driver/stm32h7xx_hal_rcc.o
LOAD ./Drivers/STM32H7xx_HAL_Driver/stm32h7xx_hal_rcc_ex.o
LOAD ./Drivers/STM32H7xx_HAL_Driver/stm32h7xx_hal_tim.o
LOAD ./Drivers/STM32H7xx_HAL_Driver/stm32h7xx_hal_tim_ex.o
LOAD ./Drivers/STM32H7xx_HAL_Driver/stm32h7xx_hal_uart.o
LOAD ./Drivers/STM32H7xx_HAL_Driver/stm32h7xx_hal_uart_ex.o
START GROUP
LOAD C:/ST/STM32CubeIDE_1.12.0/STM32CubeIDE/plugins/com.st.stm32cube.ide.mcu.externaltools.gnu-tools-for-stm32.11.3.rel1.win32_1.1.100.202309141235/tools/bin/../lib/gcc/arm-none-eabi/11.3.1/../../../../arm-none-eabi/lib/thumb/v7e-m+fp/hard\libc_nano.a
LOAD C:/ST/STM32CubeIDE_1.12.0/STM32CubeIDE/plugins/com.st.stm32cube.ide.mcu.externaltools.gnu-tools-for-stm32.11.3.rel1.win32_1.1.100.202309141235/tools/bin/../lib/gcc/arm-none-eabi/11.3.1/../../../../arm-none-eabi/lib/thumb/v7e-m+fp/hard\libm.a
END GROUP
START GROUP
LOAD C:/ST/STM32CubeIDE_1.12.0/STM32CubeIDE/plugins/com.st.stm32cube.ide.mcu.externaltools.gnu-tools-for-stm32.11.3.rel1.win32_1.1.100.202309141235/tools/bin/../lib/gcc/arm-none-eabi/11.3.1/thumb/v7e-m+fp/hard\libgcc.a
LOAD C:/ST/STM32CubeIDE_1.12.0/STM32CubeIDE/plugins/com.st.stm32cube.ide.mcu.externaltools.gnu-tools-for-stm32.11.3.rel1.win32_1.1.100.202309141235/tools/bin/../lib/gcc/arm-none-eabi/11.3.1/../../../../arm-none-eabi/lib/thumb/v7e-m+fp/hard\libc_nano.a
END GROUP
START GROUP
LOAD C:/ST/STM32CubeIDE_1.12.0/STM32CubeIDE/plugins/com.st.stm32cube.ide.mcu.externaltools.gnu-tools-for-stm32.11.3.rel1.win32_1.1.100.202309141235/tools/bin/../lib/gcc/arm-none-eabi/11.3.1/thumb/v7e-m+fp/hard\libgcc.a
LOAD C:/ST/STM32CubeIDE_1.12.0/STM32CubeIDE/plugins/com.st.stm32cube.ide.mcu.externaltools.gnu-tools-for-stm32.11.3.rel1.win32_1.1.100.202309141235/tools/bin/../lib/gcc/arm-none-eabi/11.3.1/../../../../arm-none-eabi/lib/thumb/v7e-m+fp/hard\libc_nano.a
LOAD C:/ST/STM32CubeIDE_1.12.0/STM32CubeIDE/plugins/com.st.stm32cube.ide.mcu.externaltools.gnu-tools-for-stm32.11.3.rel1.win32_1.1.100.202309141235/tools/bin/../lib/gcc/arm-none-eabi/11.3.1/../../../../arm-none-eabi/lib/thumb/v7e-m+fp/hard\libnosys.a
END GROUP
START GROUP
LOAD C:/ST/STM32CubeIDE_1.12.0/STM32CubeIDE/plugins/com.st.stm32cube.ide.mcu.externaltools.gnu-tools-for-stm32.11.3.rel1.win32_1.1.100.202309141235/tools/bin/../lib/gcc/arm-none-eabi/11.3.1/thumb/v7e-m+fp/hard\libgcc.a
LOAD C:/ST/STM32CubeIDE_1.12.0/STM32CubeIDE/plugins/com.st.stm32cube.ide.mcu.externaltools.gnu-tools-for-stm32.11.3.rel1.win32_1.1.100.202309141235/tools/bin/../lib/gcc/arm-none-eabi/11.3.1/../../../../arm-none-eabi/lib/thumb/v7e-m+fp/hard\libc_nano.a
LOAD C:/ST/STM32CubeIDE_1.12.0/STM32CubeIDE/plugins/com.st.stm32cube.ide.mcu.externaltools.gnu-tools-for-stm32.11.3.rel1.win32_1.1.100.202309141235/tools/bin/../lib/gcc/arm-none-eabi/11.3.1/../../../../arm-none-eabi/lib/thumb/v7e-m+fp/hard\libnosys.a
END GROUP
LOAD C:/ST/STM32CubeIDE_1.12.0/STM32CubeIDE/plugins/com.st.stm32cube.ide.mcu.externaltools.gnu-tools-for-stm32.11.3.rel1.win32_1.1.100.202309141235/tools/bin/../lib/gcc/arm-none-eabi/11.3.1/thumb/v7e-m+fp/hard/crtend.o
LOAD C:/ST/STM32CubeIDE_1.12.0/STM32CubeIDE/plugins/com.st.stm32cube.ide.mcu.externaltools.gnu-tools-for-stm32.11.3.rel1.win32_1.1.100.202309141235/tools/bin/../lib/gcc/arm-none-eabi/11.3.1/thumb/v7e-m+fp/hard/crtn.o
                0x0000000010048000                _estack = (ORIGIN (RAM) + LENGTH (RAM))
                0x0000000000002000                _Min_Heap_Size = 0x2000
                0x0000000000004000                _Min_Stack_Size = 0x4000

.isr_vector     0x0000000008100000      0x298
                0x0000000008100000                . = ALIGN (0x4)
 *(.isr_vector)
 .isr_vector    0x0000000008100000      0x298 ./Core/Startup/startup_stm32h755zitx.o
                0x0000000008100000                g_pfnVectors
                0x0000000008100298                . = ALIGN (0x4)

.text           0x0000000008100298     0x1228
                0x0000000008100298                . = ALIGN (0x4)
 *(.text)
 .text          0x0000000008100298       0x40 C:/ST/STM32CubeIDE_1.12.0/STM32CubeIDE/plugins/com.st.stm32cube.ide.mcu.externaltools.gnu-tools-for-stm32.11.3.rel1.win32_1.1.100.202309141235/tools/bin/../lib/gcc/arm-none-eabi/11.3.1/thumb/v7e-m+fp/hard/crtbegin.o
 *(.text*)
 .text.SystemInit
                0x00000000081002d8       0x30 ./Common/Src/system_stm32h7xx_dualcore_boot_cm4_cm7.o
                0x00000000081002d8                SystemInit
 .text.main     0x0000000008100308       0xa4 ./Core/Src/main.o
                0x0000000008100308                main
 .text.Error_Handler
                0x00000000081003ac        0xa ./Core/Src/main.o
                0x00000000081003ac                Error_Handler
 *fill*         0x00000000081003b6        0x2 
 .text.HAL_MspInit
                0x00000000081003b8       0x34 ./Core/Src/stm32h7xx_hal_msp.o
                0x00000000081003b8                HAL_MspInit
 .text.NMI_Handler
                0x00000000081003ec        0x6 ./Core/Src/stm32h7xx_it.o
                0x00000000081003ec                NMI_Handler
 .text.HardFault_Handler
                0x00000000081003f2        0x6 ./Core/Src/stm32h7xx_it.o
                0x00000000081003f2                HardFault_Handler
 .text.MemManage_Handler
                0x00000000081003f8        0x6 ./Core/Src/stm32h7xx_it.o
                0x00000000081003f8                MemManage_Handler
 .text.BusFault_Handler
                0x00000000081003fe        0x6 ./Core/Src/stm32h7xx_it.o
                0x00000000081003fe                BusFault_Handler
 .text.UsageFault_Handler
                0x0000000008100404        0x6 ./Core/Src/stm32h7xx_it.o
                0x0000000008100404                UsageFault_Handler
 .text.SVC_Handler
                0x000000000810040a        0xe ./Core/Src/stm32h7xx_it.o
                0x000000000810040a                SVC_Handler
 .text.DebugMon_Handler
                0x0000000008100418        0xe ./Core/Src/stm32h7xx_it.o
                0x0000000008100418                DebugMon_Handler
 .text.PendSV_Handler
                0x0000000008100426        0xe ./Core/Src/stm32h7xx_it.o
                0x0000000008100426                PendSV_Handler
 .text.SysTick_Handler
                0x0000000008100434        0xc ./Core/Src/stm32h7xx_it.o
                0x0000000008100434                SysTick_Handler
 .text.MX_TIM2_Init
                0x0000000008100440       0x9c ./Core/Src/tim.o
                0x0000000008100440                MX_TIM2_Init
 .text.MX_TIM4_Init
                0x00000000081004dc       0x9c ./Core/Src/tim.o
                0x00000000081004dc                MX_TIM4_Init
 .text.HAL_TIM_Base_MspInit
                0x0000000008100578       0x70 ./Core/Src/tim.o
                0x0000000008100578                HAL_TIM_Base_MspInit
 .text.Reset_Handler
                0x00000000081005e8       0x50 ./Core/Startup/startup_stm32h755zitx.o
                0x00000000081005e8                Reset_Handler
 .text.Default_Handler
                0x0000000008100638        0x2 ./Core/Startup/startup_stm32h755zitx.o
                0x0000000008100638                RTC_Alarm_IRQHandler
                0x0000000008100638                HASH_RNG_IRQHandler
                0x0000000008100638                EXTI2_IRQHandler
                0x0000000008100638                TIM8_CC_IRQHandler
                0x0000000008100638                HRTIM1_Master_IRQHandler
                0x0000000008100638                UART8_IRQHandler
                0x0000000008100638                SPI4_IRQHandler
                0x0000000008100638                TIM1_CC_IRQHandler
                0x0000000008100638                BDMA_Channel6_IRQHandler
                0x0000000008100638                DMA2_Stream5_IRQHandler
                0x0000000008100638                HRTIM1_FLT_IRQHandler
                0x0000000008100638                JPEG_IRQHandler
                0x0000000008100638                DMA1_Stream5_IRQHandler
                0x0000000008100638                BDMA_Channel1_IRQHandler
                0x0000000008100638                HRTIM1_TIMD_IRQHandler
                0x0000000008100638                TAMP_STAMP_IRQHandler
                0x0000000008100638                EXTI3_IRQHandler
                0x0000000008100638                LPTIM4_IRQHandler
                0x0000000008100638                TIM8_TRG_COM_TIM14_IRQHandler
                0x0000000008100638                LPTIM2_IRQHandler
                0x0000000008100638                DFSDM1_FLT1_IRQHandler
                0x0000000008100638                DMAMUX2_OVR_IRQHandler
                0x0000000008100638                TIM8_UP_TIM13_IRQHandler
                0x0000000008100638                I2C3_ER_IRQHandler
                0x0000000008100638                DFSDM1_FLT2_IRQHandler
                0x0000000008100638                MDMA_IRQHandler
                0x0000000008100638                LPTIM3_IRQHandler
                0x0000000008100638                HSEM1_IRQHandler
                0x0000000008100638                EXTI0_IRQHandler
                0x0000000008100638                I2C2_EV_IRQHandler
                0x0000000008100638                DMA1_Stream2_IRQHandler
                0x0000000008100638                FPU_IRQHandler
                0x0000000008100638                OTG_HS_WKUP_IRQHandler
                0x0000000008100638                FDCAN1_IT1_IRQHandler
                0x0000000008100638                LTDC_ER_IRQHandler
                0x0000000008100638                DMA2_Stream2_IRQHandler
                0x0000000008100638                HRTIM1_TIME_IRQHandler
                0x0000000008100638                SPI1_IRQHandler
                0x0000000008100638                TIM6_DAC_IRQHandler
                0x0000000008100638                DCMI_IRQHandler
                0x0000000008100638                HRTIM1_TIMC_IRQHandler
                0x0000000008100638                DMA2_Stream3_IRQHandler
                0x0000000008100638                SAI2_IRQHandler
                0x0000000008100638                DFSDM1_FLT3_IRQHandler
                0x0000000008100638                USART6_IRQHandler
                0x0000000008100638                TIM17_IRQHandler
                0x0000000008100638                USART3_IRQHandler
                0x0000000008100638                BDMA_Channel7_IRQHandler
                0x0000000008100638                CRYP_IRQHandler
                0x0000000008100638                LPTIM5_IRQHandler
                0x0000000008100638                UART5_IRQHandler
                0x0000000008100638                ADC3_IRQHandler
                0x0000000008100638                DMA2_Stream0_IRQHandler
                0x0000000008100638                TIM4_IRQHandler
                0x0000000008100638                BDMA_Channel2_IRQHandler
                0x0000000008100638                QUADSPI_IRQHandler
                0x0000000008100638                I2C1_EV_IRQHandler
                0x0000000008100638                DMA1_Stream6_IRQHandler
                0x0000000008100638                DMAMUX1_OVR_IRQHandler
                0x0000000008100638                DMA1_Stream1_IRQHandler
                0x0000000008100638                TIM16_IRQHandler
                0x0000000008100638                UART4_IRQHandler
                0x0000000008100638                BDMA_Channel5_IRQHandler
                0x0000000008100638                TIM3_IRQHandler
                0x0000000008100638                RCC_IRQHandler
                0x0000000008100638                TIM8_BRK_TIM12_IRQHandler
                0x0000000008100638                TIM1_TRG_COM_IRQHandler
                0x0000000008100638                Default_Handler
                0x0000000008100638                ECC_IRQHandler
                0x0000000008100638                CEC_IRQHandler
                0x0000000008100638                EXTI15_10_IRQHandler
                0x0000000008100638                BDMA_Channel0_IRQHandler
                0x0000000008100638                ADC_IRQHandler
                0x0000000008100638                DMA1_Stream7_IRQHandler
                0x0000000008100638                HRTIM1_TIMA_IRQHandler
                0x0000000008100638                SPI5_IRQHandler
                0x0000000008100638                TIM7_IRQHandler
                0x0000000008100638                SDMMC1_IRQHandler
                0x0000000008100638                TIM5_IRQHandler
                0x0000000008100638                DMA2_Stream7_IRQHandler
                0x0000000008100638                TIM15_IRQHandler
                0x0000000008100638                PVD_AVD_IRQHandler
                0x0000000008100638                I2C3_EV_IRQHandler
                0x0000000008100638                EXTI9_5_IRQHandler
                0x0000000008100638                RTC_WKUP_IRQHandler
                0x0000000008100638                LTDC_IRQHandler
                0x0000000008100638                SAI3_IRQHandler
                0x0000000008100638                ETH_WKUP_IRQHandler
                0x0000000008100638                SPDIF_RX_IRQHandler
                0x0000000008100638                SPI2_IRQHandler
                0x0000000008100638                OTG_HS_EP1_IN_IRQHandler
                0x0000000008100638                DMA1_Stream0_IRQHandler
                0x0000000008100638                CRS_IRQHandler
                0x0000000008100638                CM7_SEV_IRQHandler
                0x0000000008100638                EXTI4_IRQHandler
                0x0000000008100638                CM4_SEV_IRQHandler
                0x0000000008100638                HRTIM1_TIMB_IRQHandler
                0x0000000008100638                FDCAN2_IT1_IRQHandler
                0x0000000008100638                ETH_IRQHandler
                0x0000000008100638                TIM1_UP_IRQHandler
                0x0000000008100638                WWDG_RST_IRQHandler
                0x0000000008100638                BDMA_Channel4_IRQHandler
                0x0000000008100638                OTG_HS_EP1_OUT_IRQHandler
                0x0000000008100638                WWDG_IRQHandler
                0x0000000008100638                SPI6_IRQHandler
                0x0000000008100638                MDIOS_IRQHandler
                0x0000000008100638                I2C4_EV_IRQHandler
                0x0000000008100638                FDCAN2_IT0_IRQHandler
                0x0000000008100638                LPUART1_IRQHandler
                0x0000000008100638                FDCAN1_IT0_IRQHandler
                0x0000000008100638                TIM2_IRQHandler
                0x0000000008100638                OTG_FS_WKUP_IRQHandler
                0x0000000008100638                OTG_HS_IRQHandler
                0x0000000008100638                HSEM2_IRQHandler
                0x0000000008100638                DMA2D_IRQHandler
                0x0000000008100638                TIM1_BRK_IRQHandler
                0x0000000008100638                EXTI1_IRQHandler
                0x0000000008100638                SDMMC2_IRQHandler
                0x0000000008100638                OTG_FS_EP1_OUT_IRQHandler
                0x0000000008100638                BDMA_Channel3_IRQHandler
                0x0000000008100638                HOLD_CORE_IRQHandler
                0x0000000008100638                UART7_IRQHandler
                0x0000000008100638                MDIOS_WKUP_IRQHandler
                0x0000000008100638                USART2_IRQHandler
                0x0000000008100638                DFSDM1_FLT0_IRQHandler
                0x0000000008100638                SAI4_IRQHandler
                0x0000000008100638                I2C2_ER_IRQHandler
                0x0000000008100638                DMA2_Stream1_IRQHandler
                0x0000000008100638                FLASH_IRQHandler
                0x0000000008100638                DMA2_Stream4_IRQHandler
                0x0000000008100638                USART1_IRQHandler
                0x0000000008100638                OTG_FS_IRQHandler
                0x0000000008100638                SPI3_IRQHandler
                0x0000000008100638                WAKEUP_PIN_IRQHandler
                0x0000000008100638                DMA1_Stream4_IRQHandler
                0x0000000008100638                OTG_FS_EP1_IN_IRQHandler
                0x0000000008100638                I2C1_ER_IRQHandler
                0x0000000008100638                FMC_IRQHandler
                0x0000000008100638                FDCAN_CAL_IRQHandler
                0x0000000008100638                SWPMI1_IRQHandler
                0x0000000008100638                COMP1_IRQHandler
                0x0000000008100638                LPTIM1_IRQHandler
                0x0000000008100638                I2C4_ER_IRQHandler
                0x0000000008100638                DMA2_Stream6_IRQHandler
                0x0000000008100638                SAI1_IRQHandler
                0x0000000008100638                DMA1_Stream3_IRQHandler
 *fill*         0x000000000810063a        0x2 
 .text.HAL_Init
                0x000000000810063c       0xbc ./Drivers/STM32H7xx_HAL_Driver/stm32h7xx_hal.o
                0x000000000810063c                HAL_Init
 .text.HAL_InitTick
                0x00000000081006f8       0x6c ./Drivers/STM32H7xx_HAL_Driver/stm32h7xx_hal.o
                0x00000000081006f8                HAL_InitTick
 .text.HAL_IncTick
                0x0000000008100764       0x28 ./Drivers/STM32H7xx_HAL_Driver/stm32h7xx_hal.o
                0x0000000008100764                HAL_IncTick
 .text.HAL_GetTick
                0x000000000810078c       0x18 ./Drivers/STM32H7xx_HAL_Driver/stm32h7xx_hal.o
                0x000000000810078c                HAL_GetTick
 .text.HAL_Delay
                0x00000000081007a4       0x48 ./Drivers/STM32H7xx_HAL_Driver/stm32h7xx_hal.o
                0x00000000081007a4                HAL_Delay
 .text.__NVIC_SetPriorityGrouping
                0x00000000081007ec       0x48 ./Drivers/STM32H7xx_HAL_Driver/stm32h7xx_hal_cortex.o
 .text.__NVIC_GetPriorityGrouping
                0x0000000008100834       0x1c ./Drivers/STM32H7xx_HAL_Driver/stm32h7xx_hal_cortex.o
 .text.__NVIC_SetPriority
                0x0000000008100850       0x54 ./Drivers/STM32H7xx_HAL_Driver/stm32h7xx_hal_cortex.o
 .text.NVIC_EncodePriority
                0x00000000081008a4       0x66 ./Drivers/STM32H7xx_HAL_Driver/stm32h7xx_hal_cortex.o
 *fill*         0x000000000810090a        0x2 
 .text.SysTick_Config
                0x000000000810090c       0x44 ./Drivers/STM32H7xx_HAL_Driver/stm32h7xx_hal_cortex.o
 .text.HAL_NVIC_SetPriorityGrouping
                0x0000000008100950       0x16 ./Drivers/STM32H7xx_HAL_Driver/stm32h7xx_hal_cortex.o
                0x0000000008100950                HAL_NVIC_SetPriorityGrouping
 .text.HAL_NVIC_SetPriority
                0x0000000008100966       0x34 ./Drivers/STM32H7xx_HAL_Driver/stm32h7xx_hal_cortex.o
                0x0000000008100966                HAL_NVIC_SetPriority
 .text.HAL_SYSTICK_Config
                0x000000000810099a       0x18 ./Drivers/STM32H7xx_HAL_Driver/stm32h7xx_hal_cortex.o
                0x000000000810099a                HAL_SYSTICK_Config
 *fill*         0x00000000081009b2        0x2 
 .text.HAL_GetCurrentCPUID
                0x00000000081009b4       0x28 ./Drivers/STM32H7xx_HAL_Driver/stm32h7xx_hal_cortex.o
                0x00000000081009b4                HAL_GetCurrentCPUID
 .text.HAL_GPIO_TogglePin
                0x00000000081009dc       0x34 ./Drivers/STM32H7xx_HAL_Driver/stm32h7xx_hal_gpio.o
                0x00000000081009dc                HAL_GPIO_TogglePin
 .text.HAL_HSEM_ActivateNotification
                0x0000000008100a10       0x24 ./Drivers/STM32H7xx_HAL_Driver/stm32h7xx_hal_hsem.o
                0x0000000008100a10                HAL_HSEM_ActivateNotification
 .text.HAL_PWREx_EnterSTOPMode
                0x0000000008100a34       0xf4 ./Drivers/STM32H7xx_HAL_Driver/stm32h7xx_hal_pwr_ex.o
                0x0000000008100a34                HAL_PWREx_EnterSTOPMode
 .text.HAL_PWREx_ClearPendingEvent
                0x0000000008100b28       0x1a ./Drivers/STM32H7xx_HAL_Driver/stm32h7xx_hal_pwr_ex.o
                0x0000000008100b28                HAL_PWREx_ClearPendingEvent
 *fill*         0x0000000008100b42        0x2 
 .text.HAL_RCC_GetSysClockFreq
                0x0000000008100b44      0x2f4 ./Drivers/STM32H7xx_HAL_Driver/stm32h7xx_hal_rcc.o
                0x0000000008100b44                HAL_RCC_GetSysClockFreq
 .text.HAL_TIM_Base_Init
                0x0000000008100e38       0xae ./Drivers/STM32H7xx_HAL_Driver/stm32h7xx_hal_tim.o
                0x0000000008100e38                HAL_TIM_Base_Init
 *fill*         0x0000000008100ee6        0x2 
 .text.HAL_TIM_ConfigClockSource
                0x0000000008100ee8      0x1f0 ./Drivers/STM32H7xx_HAL_Driver/stm32h7xx_hal_tim.o
                0x0000000008100ee8                HAL_TIM_ConfigClockSource
 .text.TIM_Base_SetConfig
                0x00000000081010d8      0x134 ./Drivers/STM32H7xx_HAL_Driver/stm32h7xx_hal_tim.o
                0x00000000081010d8                TIM_Base_SetConfig
 .text.TIM_TI1_ConfigInputStage
                0x000000000810120c       0x5e ./Drivers/STM32H7xx_HAL_Driver/stm32h7xx_hal_tim.o
 .text.TIM_TI2_ConfigInputStage
                0x000000000810126a       0x60 ./Drivers/STM32H7xx_HAL_Driver/stm32h7xx_hal_tim.o
 .text.TIM_ITRx_SetConfig
                0x00000000081012ca       0x3a ./Drivers/STM32H7xx_HAL_Driver/stm32h7xx_hal_tim.o
 .text.TIM_ETR_SetConfig
                0x0000000008101304       0x40 ./Drivers/STM32H7xx_HAL_Driver/stm32h7xx_hal_tim.o
                0x0000000008101304                TIM_ETR_SetConfig
 .text.HAL_TIMEx_MasterConfigSynchronization
                0x0000000008101344      0x11c ./Drivers/STM32H7xx_HAL_Driver/stm32h7xx_hal_tim_ex.o
                0x0000000008101344                HAL_TIMEx_MasterConfigSynchronization
 .text.__libc_init_array
                0x0000000008101460       0x48 C:/ST/STM32CubeIDE_1.12.0/STM32CubeIDE/plugins/com.st.stm32cube.ide.mcu.externaltools.gnu-tools-for-stm32.11.3.rel1.win32_1.1.100.202309141235/tools/bin/../lib/gcc/arm-none-eabi/11.3.1/../../../../arm-none-eabi/lib/thumb/v7e-m+fp/hard\libc_nano.a(libc_a-init.o)
                0x0000000008101460                __libc_init_array
 *(.glue_7)
 .glue_7        0x00000000081014a8        0x0 linker stubs
 *(.glue_7t)
 .glue_7t       0x00000000081014a8        0x0 linker stubs
 *(.eh_frame)
 .eh_frame      0x00000000081014a8        0x0 C:/ST/STM32CubeIDE_1.12.0/STM32CubeIDE/plugins/com.st.stm32cube.ide.mcu.externaltools.gnu-tools-for-stm32.11.3.rel1.win32_1.1.100.202309141235/tools/bin/../lib/gcc/arm-none-eabi/11.3.1/thumb/v7e-m+fp/hard/crtbegin.o
 *(.init)
 .init          0x00000000081014a8        0x4 C:/ST/STM32CubeIDE_1.12.0/STM32CubeIDE/plugins/com.st.stm32cube.ide.mcu.externaltools.gnu-tools-for-stm32.11.3.rel1.win32_1.1.100.202309141235/tools/bin/../lib/gcc/arm-none-eabi/11.3.1/thumb/v7e-m+fp/hard/crti.o
                0x00000000081014a8                _init
 .init          0x00000000081014ac        0x8 C:/ST/STM32CubeIDE_1.12.0/STM32CubeIDE/plugins/com.st.stm32cube.ide.mcu.externaltools.gnu-tools-for-stm32.11.3.rel1.win32_1.1.100.202309141235/tools/bin/../lib/gcc/arm-none-eabi/11.3.1/thumb/v7e-m+fp/hard/crtn.o
 *(.fini)
 .fini          0x00000000081014b4        0x4 C:/ST/STM32CubeIDE_1.12.0/STM32CubeIDE/plugins/com.st.stm32cube.ide.mcu.externaltools.gnu-tools-for-stm32.11.3.rel1.win32_1.1.100.202309141235/tools/bin/../lib/gcc/arm-none-eabi/11.3.1/thumb/v7e-m+fp/hard/crti.o
                0x00000000081014b4                _fini
 .fini          0x00000000081014b8        0x8 C:/ST/STM32CubeIDE_1.12.0/STM32CubeIDE/plugins/com.st.stm32cube.ide.mcu.externaltools.gnu-tools-for-stm32.11.3.rel1.win32_1.1.100.202309141235/tools/bin/../lib/gcc/arm-none-eabi/11.3.1/thumb/v7e-m+fp/hard/crtn.o
                0x00000000081014c0                . = ALIGN (0x4)
                0x00000000081014c0                _etext = .

.vfp11_veneer   0x00000000081014c0        0x0
 .vfp11_veneer  0x00000000081014c0        0x0 linker stubs

.v4_bx          0x00000000081014c0        0x0
 .v4_bx         0x00000000081014c0        0x0 linker stubs

.iplt           0x00000000081014c0        0x0
 .iplt          0x00000000081014c0        0x0 C:/ST/STM32CubeIDE_1.12.0/STM32CubeIDE/plugins/com.st.stm32cube.ide.mcu.externaltools.gnu-tools-for-stm32.11.3.rel1.win32_1.1.100.202309141235/tools/bin/../lib/gcc/arm-none-eabi/11.3.1/thumb/v7e-m+fp/hard/crtbegin.o

.rodata         0x00000000081014c0       0x10
                0x00000000081014c0                . = ALIGN (0x4)
 *(.rodata)
 *(.rodata*)
 .rodata.D1CorePrescTable
                0x00000000081014c0       0x10 ./Common/Src/system_stm32h7xx_dualcore_boot_cm4_cm7.o
                0x00000000081014c0                D1CorePrescTable
                0x00000000081014d0                . = ALIGN (0x4)

.rel.dyn        0x00000000081014d0        0x0
 .rel.iplt      0x00000000081014d0        0x0 C:/ST/STM32CubeIDE_1.12.0/STM32CubeIDE/plugins/com.st.stm32cube.ide.mcu.externaltools.gnu-tools-for-stm32.11.3.rel1.win32_1.1.100.202309141235/tools/bin/../lib/gcc/arm-none-eabi/11.3.1/thumb/v7e-m+fp/hard/crtbegin.o

.ARM.extab
 *(.ARM.extab* .gnu.linkonce.armextab.*)

.ARM            0x00000000081014d0        0x0
                0x00000000081014d0                __exidx_start = .
 *(.ARM.exidx*)
                0x00000000081014d0                __exidx_end = .

.preinit_array  0x00000000081014d0        0x0
                0x00000000081014d0                PROVIDE (__preinit_array_start = .)
 *(.preinit_array*)
                0x00000000081014d0                PROVIDE (__preinit_array_end = .)

.init_array     0x00000000081014d0        0x4
                0x00000000081014d0                PROVIDE (__init_array_start = .)
 *(SORT_BY_NAME(.init_array.*))
 *(.init_array*)
 .init_array    0x00000000081014d0        0x4 C:/ST/STM32CubeIDE_1.12.0/STM32CubeIDE/plugins/com.st.stm32cube.ide.mcu.externaltools.gnu-tools-for-stm32.11.3.rel1.win32_1.1.100.202309141235/tools/bin/../lib/gcc/arm-none-eabi/11.3.1/thumb/v7e-m+fp/hard/crtbegin.o
                0x00000000081014d4                PROVIDE (__init_array_end = .)

.fini_array     0x00000000081014d4        0x4
                [!provide]                        PROVIDE (__fini_array_start = .)
 *(SORT_BY_NAME(.fini_array.*))
 *(.fini_array*)
 .fini_array    0x00000000081014d4        0x4 C:/ST/STM32CubeIDE_1.12.0/STM32CubeIDE/plugins/com.st.stm32cube.ide.mcu.externaltools.gnu-tools-for-stm32.11.3.rel1.win32_1.1.100.202309141235/tools/bin/../lib/gcc/arm-none-eabi/11.3.1/thumb/v7e-m+fp/hard/crtbegin.o
                [!provide]                        PROVIDE (__fini_array_end = .)
                0x00000000081014d8                _sidata = LOADADDR (.data)

.data           0x0000000010000000       0x10 load address 0x00000000081014d8
                0x0000000010000000                . = ALIGN (0x4)
                0x0000000010000000                _sdata = .
 *(.data)
 *(.data*)
 .data.SystemCoreClock
                0x0000000010000000        0x4 ./Common/Src/system_stm32h7xx_dualcore_boot_cm4_cm7.o
                0x0000000010000000                SystemCoreClock
 .data.SystemD2Clock
                0x0000000010000004        0x4 ./Common/Src/system_stm32h7xx_dualcore_boot_cm4_cm7.o
                0x0000000010000004                SystemD2Clock
 .data.uwTickPrio
                0x0000000010000008        0x4 ./Drivers/STM32H7xx_HAL_Driver/stm32h7xx_hal.o
                0x0000000010000008                uwTickPrio
 .data.uwTickFreq
                0x000000001000000c        0x1 ./Drivers/STM32H7xx_HAL_Driver/stm32h7xx_hal.o
                0x000000001000000c                uwTickFreq
 *(.RamFunc)
 *(.RamFunc*)
                0x0000000010000010                . = ALIGN (0x4)
 *fill*         0x000000001000000d        0x3 
                0x0000000010000010                _edata = .

.igot.plt       0x0000000010000010        0x0 load address 0x00000000081014e8
 .igot.plt      0x0000000010000010        0x0 C:/ST/STM32CubeIDE_1.12.0/STM32CubeIDE/plugins/com.st.stm32cube.ide.mcu.externaltools.gnu-tools-for-stm32.11.3.rel1.win32_1.1.100.202309141235/tools/bin/../lib/gcc/arm-none-eabi/11.3.1/thumb/v7e-m+fp/hard/crtbegin.o
                0x0000000010000010                . = ALIGN (0x4)

.bss            0x0000000010000010       0xb8 load address 0x00000000081014e8
                0x0000000010000010                _sbss = .
                0x0000000010000010                __bss_start__ = _sbss
 *(.bss)
 .bss           0x0000000010000010       0x1c C:/ST/STM32CubeIDE_1.12.0/STM32CubeIDE/plugins/com.st.stm32cube.ide.mcu.externaltools.gnu-tools-for-stm32.11.3.rel1.win32_1.1.100.202309141235/tools/bin/../lib/gcc/arm-none-eabi/11.3.1/thumb/v7e-m+fp/hard/crtbegin.o
 *(.bss*)
 .bss.htim2     0x000000001000002c       0x4c ./Core/Src/tim.o
                0x000000001000002c                htim2
 .bss.htim4     0x0000000010000078       0x4c ./Core/Src/tim.o
                0x0000000010000078                htim4
 .bss.uwTick    0x00000000100000c4        0x4 ./Drivers/STM32H7xx_HAL_Driver/stm32h7xx_hal.o
                0x00000000100000c4                uwTick
 *(COMMON)
                0x00000000100000c8                . = ALIGN (0x4)
                0x00000000100000c8                _ebss = .
                0x00000000100000c8                __bss_end__ = _ebss

._user_heap_stack
                0x00000000100000c8     0x6000 load address 0x00000000081014e8
                0x00000000100000c8                . = ALIGN (0x8)
                [!provide]                        PROVIDE (end = .)
                0x00000000100000c8                PROVIDE (_end = .)
                0x00000000100020c8                . = (. + _Min_Heap_Size)
 *fill*         0x00000000100000c8     0x2000 
                0x00000000100060c8                . = (. + _Min_Stack_Size)
 *fill*         0x00000000100020c8     0x4000 
                0x00000000100060c8                . = ALIGN (0x8)

/DISCARD/
 libc.a(*)
 libm.a(*)
 libgcc.a(*)

.ARM.attributes
                0x0000000000000000       0x30
 *(.ARM.attributes)
 .ARM.attributes
                0x0000000000000000       0x1e C:/ST/STM32CubeIDE_1.12.0/STM32CubeIDE/plugins/com.st.stm32cube.ide.mcu.externaltools.gnu-tools-for-stm32.11.3.rel1.win32_1.1.100.202309141235/tools/bin/../lib/gcc/arm-none-eabi/11.3.1/thumb/v7e-m+fp/hard/crti.o
 .ARM.attributes
                0x000000000000001e       0x34 C:/ST/STM32CubeIDE_1.12.0/STM32CubeIDE/plugins/com.st.stm32cube.ide.mcu.externaltools.gnu-tools-for-stm32.11.3.rel1.win32_1.1.100.202309141235/tools/bin/../lib/gcc/arm-none-eabi/11.3.1/thumb/v7e-m+fp/hard/crtbegin.o
 .ARM.attributes
                0x0000000000000052       0x34 ./Common/Src/system_stm32h7xx_dualcore_boot_cm4_cm7.o
 .ARM.attributes
                0x0000000000000086       0x34 ./Core/Src/main.o
 .ARM.attributes
                0x00000000000000ba       0x34 ./Core/Src/stm32h7xx_hal_msp.o
 .ARM.attributes
                0x00000000000000ee       0x34 ./Core/Src/stm32h7xx_it.o
 .ARM.attributes
                0x0000000000000122       0x34 ./Core/Src/tim.o
 .ARM.attributes
                0x0000000000000156       0x21 ./Core/Startup/startup_stm32h755zitx.o
 .ARM.attributes
                0x0000000000000177       0x34 ./Drivers/STM32H7xx_HAL_Driver/stm32h7xx_hal.o
 .ARM.attributes
                0x00000000000001ab       0x34 ./Drivers/STM32H7xx_HAL_Driver/stm32h7xx_hal_cortex.o
 .ARM.attributes
                0x00000000000001df       0x34 ./Drivers/STM32H7xx_HAL_Driver/stm32h7xx_hal_gpio.o
 .ARM.attributes
                0x0000000000000213       0x34 ./Drivers/STM32H7xx_HAL_Driver/stm32h7xx_hal_hsem.o
 .ARM.attributes
                0x0000000000000247       0x34 ./Drivers/STM32H7xx_HAL_Driver/stm32h7xx_hal_pwr_ex.o
 .ARM.attributes
                0x000000000000027b       0x34 ./Drivers/STM32H7xx_HAL_Driver/stm32h7xx_hal_rcc.o
 .ARM.attributes
                0x00000000000002af       0x34 ./Drivers/STM32H7xx_HAL_Driver/stm32h7xx_hal_tim.o
 .ARM.attributes
                0x00000000000002e3       0x34 ./Drivers/STM32H7xx_HAL_Driver/stm32h7xx_hal_tim_ex.o
 .ARM.attributes
                0x0000000000000317       0x34 C:/ST/STM32CubeIDE_1.12.0/STM32CubeIDE/plugins/com.st.stm32cube.ide.mcu.externaltools.gnu-tools-for-stm32.11.3.rel1.win32_1.1.100.202309141235/tools/bin/../lib/gcc/arm-none-eabi/11.3.1/../../../../arm-none-eabi/lib/thumb/v7e-m+fp/hard\libc_nano.a(libc_a-init.o)
 .ARM.attributes
                0x000000000000034b       0x1e C:/ST/STM32CubeIDE_1.12.0/STM32CubeIDE/plugins/com.st.stm32cube.ide.mcu.externaltools.gnu-tools-for-stm32.11.3.rel1.win32_1.1.100.202309141235/tools/bin/../lib/gcc/arm-none-eabi/11.3.1/thumb/v7e-m+fp/hard/crtn.o
OUTPUT(NUCLEO-H755ZI-Q_001_CM4.elf elf32-littlearm)
LOAD linker stubs
LOAD C:/ST/STM32CubeIDE_1.12.0/STM32CubeIDE/plugins/com.st.stm32cube.ide.mcu.externaltools.gnu-tools-for-stm32.11.3.rel1.win32_1.1.100.202309141235/tools/bin/../lib/gcc/arm-none-eabi/11.3.1/../../../../arm-none-eabi/lib/thumb/v7e-m+fp/hard\libc.a
LOAD C:/ST/STM32CubeIDE_1.12.0/STM32CubeIDE/plugins/com.st.stm32cube.ide.mcu.externaltools.gnu-tools-for-stm32.11.3.rel1.win32_1.1.100.202309141235/tools/bin/../lib/gcc/arm-none-eabi/11.3.1/../../../../arm-none-eabi/lib/thumb/v7e-m+fp/hard\libm.a
LOAD C:/ST/STM32CubeIDE_1.12.0/STM32CubeIDE/plugins/com.st.stm32cube.ide.mcu.externaltools.gnu-tools-for-stm32.11.3.rel1.win32_1.1.100.202309141235/tools/bin/../lib/gcc/arm-none-eabi/11.3.1/thumb/v7e-m+fp/hard\libgcc.a

.comment        0x0000000000000000       0x43
 .comment       0x0000000000000000       0x43 C:/ST/STM32CubeIDE_1.12.0/STM32CubeIDE/plugins/com.st.stm32cube.ide.mcu.externaltools.gnu-tools-for-stm32.11.3.rel1.win32_1.1.100.202309141235/tools/bin/../lib/gcc/arm-none-eabi/11.3.1/thumb/v7e-m+fp/hard/crtbegin.o
                                         0x44 (size before relaxing)
 .comment       0x0000000000000043       0x44 ./Common/Src/system_stm32h7xx_dualcore_boot_cm4_cm7.o
 .comment       0x0000000000000043       0x44 ./Core/Src/main.o
 .comment       0x0000000000000043       0x44 ./Core/Src/stm32h7xx_hal_msp.o
 .comment       0x0000000000000043       0x44 ./Core/Src/stm32h7xx_it.o
 .comment       0x0000000000000043       0x44 ./Core/Src/tim.o
 .comment       0x0000000000000043       0x44 ./Drivers/STM32H7xx_HAL_Driver/stm32h7xx_hal.o
 .comment       0x0000000000000043       0x44 ./Drivers/STM32H7xx_HAL_Driver/stm32h7xx_hal_cortex.o
 .comment       0x0000000000000043       0x44 ./Drivers/STM32H7xx_HAL_Driver/stm32h7xx_hal_gpio.o
 .comment       0x0000000000000043       0x44 ./Drivers/STM32H7xx_HAL_Driver/stm32h7xx_hal_hsem.o
 .comment       0x0000000000000043       0x44 ./Drivers/STM32H7xx_HAL_Driver/stm32h7xx_hal_pwr_ex.o
 .comment       0x0000000000000043       0x44 ./Drivers/STM32H7xx_HAL_Driver/stm32h7xx_hal_rcc.o
 .comment       0x0000000000000043       0x44 ./Drivers/STM32H7xx_HAL_Driver/stm32h7xx_hal_tim.o
 .comment       0x0000000000000043       0x44 ./Drivers/STM32H7xx_HAL_Driver/stm32h7xx_hal_tim_ex.o

.debug_info     0x0000000000000000     0xbca5
 .debug_info    0x0000000000000000      0x761 ./Common/Src/system_stm32h7xx_dualcore_boot_cm4_cm7.o
 .debug_info    0x0000000000000761      0x904 ./Core/Src/main.o
 .debug_info    0x0000000000001065      0x464 ./Core/Src/stm32h7xx_hal_msp.o
 .debug_info    0x00000000000014c9      0x128 ./Core/Src/stm32h7xx_it.o
 .debug_info    0x00000000000015f1      0xd3c ./Core/Src/tim.o
 .debug_info    0x000000000000232d       0x23 ./Core/Startup/startup_stm32h755zitx.o
 .debug_info    0x0000000000002350     0x17b6 ./Drivers/STM32H7xx_HAL_Driver/stm32h7xx_hal.o
 .debug_info    0x0000000000003b06      0xee1 ./Drivers/STM32H7xx_HAL_Driver/stm32h7xx_hal_cortex.o
 .debug_info    0x00000000000049e7      0xcf7 ./Drivers/STM32H7xx_HAL_Driver/stm32h7xx_hal_gpio.o
 .debug_info    0x00000000000056de      0x3d3 ./Drivers/STM32H7xx_HAL_Driver/stm32h7xx_hal_hsem.o
 .debug_info    0x0000000000005ab1     0x1026 ./Drivers/STM32H7xx_HAL_Driver/stm32h7xx_hal_pwr_ex.o
 .debug_info    0x0000000000006ad7      0xe58 ./Drivers/STM32H7xx_HAL_Driver/stm32h7xx_hal_rcc.o
 .debug_info    0x000000000000792f     0x2b8b ./Drivers/STM32H7xx_HAL_Driver/stm32h7xx_hal_tim.o
 .debug_info    0x000000000000a4ba     0x17eb ./Drivers/STM32H7xx_HAL_Driver/stm32h7xx_hal_tim_ex.o

.debug_abbrev   0x0000000000000000     0x1ace
 .debug_abbrev  0x0000000000000000      0x138 ./Common/Src/system_stm32h7xx_dualcore_boot_cm4_cm7.o
 .debug_abbrev  0x0000000000000138      0x1d9 ./Core/Src/main.o
 .debug_abbrev  0x0000000000000311       0xdb ./Core/Src/stm32h7xx_hal_msp.o
 .debug_abbrev  0x00000000000003ec       0x73 ./Core/Src/stm32h7xx_it.o
 .debug_abbrev  0x000000000000045f      0x221 ./Core/Src/tim.o
 .debug_abbrev  0x0000000000000680       0x12 ./Core/Startup/startup_stm32h755zitx.o
 .debug_abbrev  0x0000000000000692      0x29f ./Drivers/STM32H7xx_HAL_Driver/stm32h7xx_hal.o
 .debug_abbrev  0x0000000000000931      0x337 ./Drivers/STM32H7xx_HAL_Driver/stm32h7xx_hal_cortex.o
 .debug_abbrev  0x0000000000000c68      0x1fe ./Drivers/STM32H7xx_HAL_Driver/stm32h7xx_hal_gpio.o
 .debug_abbrev  0x0000000000000e66      0x1d3 ./Drivers/STM32H7xx_HAL_Driver/stm32h7xx_hal_hsem.o
 .debug_abbrev  0x0000000000001039      0x2d6 ./Drivers/STM32H7xx_HAL_Driver/stm32h7xx_hal_pwr_ex.o
 .debug_abbrev  0x000000000000130f      0x2c8 ./Drivers/STM32H7xx_HAL_Driver/stm32h7xx_hal_rcc.o
 .debug_abbrev  0x00000000000015d7      0x276 ./Drivers/STM32H7xx_HAL_Driver/stm32h7xx_hal_tim.o
 .debug_abbrev  0x000000000000184d      0x281 ./Drivers/STM32H7xx_HAL_Driver/stm32h7xx_hal_tim_ex.o

.debug_aranges  0x0000000000000000      0xc78
 .debug_aranges
                0x0000000000000000       0x28 ./Common/Src/system_stm32h7xx_dualcore_boot_cm4_cm7.o
 .debug_aranges
                0x0000000000000028       0x28 ./Core/Src/main.o
 .debug_aranges
                0x0000000000000050       0x20 ./Core/Src/stm32h7xx_hal_msp.o
 .debug_aranges
                0x0000000000000070       0x60 ./Core/Src/stm32h7xx_it.o
 .debug_aranges
                0x00000000000000d0       0x38 ./Core/Src/tim.o
 .debug_aranges
                0x0000000000000108       0x28 ./Core/Startup/startup_stm32h755zitx.o
 .debug_aranges
                0x0000000000000130      0x200 ./Drivers/STM32H7xx_HAL_Driver/stm32h7xx_hal.o
 .debug_aranges
                0x0000000000000330      0x120 ./Drivers/STM32H7xx_HAL_Driver/stm32h7xx_hal_cortex.o
 .debug_aranges
                0x0000000000000450       0x58 ./Drivers/STM32H7xx_HAL_Driver/stm32h7xx_hal_gpio.o
 .debug_aranges
                0x00000000000004a8       0x70 ./Drivers/STM32H7xx_HAL_Driver/stm32h7xx_hal_hsem.o
 .debug_aranges
                0x0000000000000518      0x170 ./Drivers/STM32H7xx_HAL_Driver/stm32h7xx_hal_pwr_ex.o
 .debug_aranges
                0x0000000000000688       0x88 ./Drivers/STM32H7xx_HAL_Driver/stm32h7xx_hal_rcc.o
 .debug_aranges
                0x0000000000000710      0x3e0 ./Drivers/STM32H7xx_HAL_Driver/stm32h7xx_hal_tim.o
 .debug_aranges
                0x0000000000000af0      0x188 ./Drivers/STM32H7xx_HAL_Driver/stm32h7xx_hal_tim_ex.o

.debug_rnglists
                0x0000000000000000      0x993
 .debug_rnglists
                0x0000000000000000       0x1a ./Common/Src/system_stm32h7xx_dualcore_boot_cm4_cm7.o
 .debug_rnglists
                0x000000000000001a       0x1a ./Core/Src/main.o
 .debug_rnglists
                0x0000000000000034       0x13 ./Core/Src/stm32h7xx_hal_msp.o
 .debug_rnglists
                0x0000000000000047       0x43 ./Core/Src/stm32h7xx_it.o
 .debug_rnglists
                0x000000000000008a       0x27 ./Core/Src/tim.o
 .debug_rnglists
                0x00000000000000b1       0x19 ./Core/Startup/startup_stm32h755zitx.o
 .debug_rnglists
                0x00000000000000ca      0x181 ./Drivers/STM32H7xx_HAL_Driver/stm32h7xx_hal.o
 .debug_rnglists
                0x000000000000024b       0xd4 ./Drivers/STM32H7xx_HAL_Driver/stm32h7xx_hal_cortex.o
 .debug_rnglists
                0x000000000000031f       0x3f ./Drivers/STM32H7xx_HAL_Driver/stm32h7xx_hal_gpio.o
 .debug_rnglists
                0x000000000000035e       0x4f ./Drivers/STM32H7xx_HAL_Driver/stm32h7xx_hal_hsem.o
 .debug_rnglists
                0x00000000000003ad      0x117 ./Drivers/STM32H7xx_HAL_Driver/stm32h7xx_hal_pwr_ex.o
 .debug_rnglists
                0x00000000000004c4       0x68 ./Drivers/STM32H7xx_HAL_Driver/stm32h7xx_hal_rcc.o
 .debug_rnglists
                0x000000000000052c      0x328 ./Drivers/STM32H7xx_HAL_Driver/stm32h7xx_hal_tim.o
 .debug_rnglists
                0x0000000000000854      0x13f ./Drivers/STM32H7xx_HAL_Driver/stm32h7xx_hal_tim_ex.o

.debug_macro    0x0000000000000000    0x3a6b6
 .debug_macro   0x0000000000000000      0x2c8 ./Common/Src/system_stm32h7xx_dualcore_boot_cm4_cm7.o
 .debug_macro   0x00000000000002c8      0xaae ./Common/Src/system_stm32h7xx_dualcore_boot_cm4_cm7.o
 .debug_macro   0x0000000000000d76       0x2e ./Common/Src/system_stm32h7xx_dualcore_boot_cm4_cm7.o
 .debug_macro   0x0000000000000da4       0x3b ./Common/Src/system_stm32h7xx_dualcore_boot_cm4_cm7.o
 .debug_macro   0x0000000000000ddf       0x22 ./Common/Src/system_stm32h7xx_dualcore_boot_cm4_cm7.o
 .debug_macro   0x0000000000000e01       0x8e ./Common/Src/system_stm32h7xx_dualcore_boot_cm4_cm7.o
 .debug_macro   0x0000000000000e8f       0x51 ./Common/Src/system_stm32h7xx_dualcore_boot_cm4_cm7.o
 .debug_macro   0x0000000000000ee0      0x103 ./Common/Src/system_stm32h7xx_dualcore_boot_cm4_cm7.o
 .debug_macro   0x0000000000000fe3       0x6a ./Common/Src/system_stm32h7xx_dualcore_boot_cm4_cm7.o
 .debug_macro   0x000000000000104d      0x1df ./Common/Src/system_stm32h7xx_dualcore_boot_cm4_cm7.o
 .debug_macro   0x000000000000122c       0x1c ./Common/Src/system_stm32h7xx_dualcore_boot_cm4_cm7.o
 .debug_macro   0x0000000000001248       0x22 ./Common/Src/system_stm32h7xx_dualcore_boot_cm4_cm7.o
 .debug_macro   0x000000000000126a       0xfb ./Common/Src/system_stm32h7xx_dualcore_boot_cm4_cm7.o
 .debug_macro   0x0000000000001365     0x1011 ./Common/Src/system_stm32h7xx_dualcore_boot_cm4_cm7.o
 .debug_macro   0x0000000000002376      0x11f ./Common/Src/system_stm32h7xx_dualcore_boot_cm4_cm7.o
 .debug_macro   0x0000000000002495    0x27374 ./Common/Src/system_stm32h7xx_dualcore_boot_cm4_cm7.o
 .debug_macro   0x0000000000029809       0x6d ./Common/Src/system_stm32h7xx_dualcore_boot_cm4_cm7.o
 .debug_macro   0x0000000000029876      0x244 ./Common/Src/system_stm32h7xx_dualcore_boot_cm4_cm7.o
 .debug_macro   0x0000000000029aba     0x3d5d ./Common/Src/system_stm32h7xx_dualcore_boot_cm4_cm7.o
 .debug_macro   0x000000000002d817      0x174 ./Common/Src/system_stm32h7xx_dualcore_boot_cm4_cm7.o
 .debug_macro   0x000000000002d98b       0x61 ./Common/Src/system_stm32h7xx_dualcore_boot_cm4_cm7.o
 .debug_macro   0x000000000002d9ec       0x2a ./Common/Src/system_stm32h7xx_dualcore_boot_cm4_cm7.o
 .debug_macro   0x000000000002da16       0x43 ./Common/Src/system_stm32h7xx_dualcore_boot_cm4_cm7.o
 .debug_macro   0x000000000002da59       0x34 ./Common/Src/system_stm32h7xx_dualcore_boot_cm4_cm7.o
 .debug_macro   0x000000000002da8d       0x16 ./Common/Src/system_stm32h7xx_dualcore_boot_cm4_cm7.o
 .debug_macro   0x000000000002daa3       0x43 ./Common/Src/system_stm32h7xx_dualcore_boot_cm4_cm7.o
 .debug_macro   0x000000000002dae6       0x34 ./Common/Src/system_stm32h7xx_dualcore_boot_cm4_cm7.o
 .debug_macro   0x000000000002db1a       0x10 ./Common/Src/system_stm32h7xx_dualcore_boot_cm4_cm7.o
 .debug_macro   0x000000000002db2a       0x58 ./Common/Src/system_stm32h7xx_dualcore_boot_cm4_cm7.o
 .debug_macro   0x000000000002db82       0x8e ./Common/Src/system_stm32h7xx_dualcore_boot_cm4_cm7.o
 .debug_macro   0x000000000002dc10       0x1c ./Common/Src/system_stm32h7xx_dualcore_boot_cm4_cm7.o
 .debug_macro   0x000000000002dc2c      0x177 ./Common/Src/system_stm32h7xx_dualcore_boot_cm4_cm7.o
 .debug_macro   0x000000000002dda3      0x369 ./Common/Src/system_stm32h7xx_dualcore_boot_cm4_cm7.o
 .debug_macro   0x000000000002e10c      0x19b ./Common/Src/system_stm32h7xx_dualcore_boot_cm4_cm7.o
 .debug_macro   0x000000000002e2a7       0x5d ./Common/Src/system_stm32h7xx_dualcore_boot_cm4_cm7.o
 .debug_macro   0x000000000002e304     0x3b99 ./Common/Src/system_stm32h7xx_dualcore_boot_cm4_cm7.o
 .debug_macro   0x0000000000031e9d     0x1072 ./Common/Src/system_stm32h7xx_dualcore_boot_cm4_cm7.o
 .debug_macro   0x0000000000032f0f      0x154 ./Common/Src/system_stm32h7xx_dualcore_boot_cm4_cm7.o
 .debug_macro   0x0000000000033063      0x130 ./Common/Src/system_stm32h7xx_dualcore_boot_cm4_cm7.o
 .debug_macro   0x0000000000033193      0x3be ./Common/Src/system_stm32h7xx_dualcore_boot_cm4_cm7.o
 .debug_macro   0x0000000000033551       0xac ./Common/Src/system_stm32h7xx_dualcore_boot_cm4_cm7.o
 .debug_macro   0x00000000000335fd      0x72d ./Common/Src/system_stm32h7xx_dualcore_boot_cm4_cm7.o
 .debug_macro   0x0000000000033d2a      0x228 ./Common/Src/system_stm32h7xx_dualcore_boot_cm4_cm7.o
 .debug_macro   0x0000000000033f52       0x66 ./Common/Src/system_stm32h7xx_dualcore_boot_cm4_cm7.o
 .debug_macro   0x0000000000033fb8      0x3bb ./Common/Src/system_stm32h7xx_dualcore_boot_cm4_cm7.o
 .debug_macro   0x0000000000034373      0xa95 ./Common/Src/system_stm32h7xx_dualcore_boot_cm4_cm7.o
 .debug_macro   0x0000000000034e08      0x129 ./Common/Src/system_stm32h7xx_dualcore_boot_cm4_cm7.o
 .debug_macro   0x0000000000034f31      0x407 ./Common/Src/system_stm32h7xx_dualcore_boot_cm4_cm7.o
 .debug_macro   0x0000000000035338      0x244 ./Common/Src/system_stm32h7xx_dualcore_boot_cm4_cm7.o
 .debug_macro   0x000000000003557c      0x3ca ./Common/Src/system_stm32h7xx_dualcore_boot_cm4_cm7.o
 .debug_macro   0x0000000000035946      0x4a2 ./Common/Src/system_stm32h7xx_dualcore_boot_cm4_cm7.o
 .debug_macro   0x0000000000035de8       0x51 ./Common/Src/system_stm32h7xx_dualcore_boot_cm4_cm7.o
 .debug_macro   0x0000000000035e39       0x4a ./Common/Src/system_stm32h7xx_dualcore_boot_cm4_cm7.o
 .debug_macro   0x0000000000035e83      0x22c ./Common/Src/system_stm32h7xx_dualcore_boot_cm4_cm7.o
 .debug_macro   0x00000000000360af       0x67 ./Common/Src/system_stm32h7xx_dualcore_boot_cm4_cm7.o
 .debug_macro   0x0000000000036116       0xa5 ./Common/Src/system_stm32h7xx_dualcore_boot_cm4_cm7.o
 .debug_macro   0x00000000000361bb       0x85 ./Common/Src/system_stm32h7xx_dualcore_boot_cm4_cm7.o
 .debug_macro   0x0000000000036240      0x218 ./Common/Src/system_stm32h7xx_dualcore_boot_cm4_cm7.o
 .debug_macro   0x0000000000036458      0x2ea ./Common/Src/system_stm32h7xx_dualcore_boot_cm4_cm7.o
 .debug_macro   0x0000000000036742       0x35 ./Common/Src/system_stm32h7xx_dualcore_boot_cm4_cm7.o
 .debug_macro   0x0000000000036777      0xaf3 ./Common/Src/system_stm32h7xx_dualcore_boot_cm4_cm7.o
 .debug_macro   0x000000000003726a      0x29f ./Common/Src/system_stm32h7xx_dualcore_boot_cm4_cm7.o
 .debug_macro   0x0000000000037509      0x693 ./Common/Src/system_stm32h7xx_dualcore_boot_cm4_cm7.o
 .debug_macro   0x0000000000037b9c       0xa6 ./Common/Src/system_stm32h7xx_dualcore_boot_cm4_cm7.o
 .debug_macro   0x0000000000037c42      0x798 ./Common/Src/system_stm32h7xx_dualcore_boot_cm4_cm7.o
 .debug_macro   0x00000000000383da      0x325 ./Core/Src/main.o
 .debug_macro   0x00000000000386ff      0x2d7 ./Core/Src/stm32h7xx_hal_msp.o
 .debug_macro   0x00000000000389d6      0x2e1 ./Core/Src/stm32h7xx_it.o
 .debug_macro   0x0000000000038cb7      0x311 ./Core/Src/tim.o
 .debug_macro   0x0000000000038fc8      0x2f2 ./Drivers/STM32H7xx_HAL_Driver/stm32h7xx_hal.o
 .debug_macro   0x00000000000392ba      0x2c8 ./Drivers/STM32H7xx_HAL_Driver/stm32h7xx_hal_cortex.o
 .debug_macro   0x0000000000039582      0x2dc ./Drivers/STM32H7xx_HAL_Driver/stm32h7xx_hal_gpio.o
 .debug_macro   0x000000000003985e      0x2da ./Drivers/STM32H7xx_HAL_Driver/stm32h7xx_hal_hsem.o
 .debug_macro   0x0000000000039b38      0x301 ./Drivers/STM32H7xx_HAL_Driver/stm32h7xx_hal_pwr_ex.o
 .debug_macro   0x0000000000039e39      0x2ec ./Drivers/STM32H7xx_HAL_Driver/stm32h7xx_hal_rcc.o
 .debug_macro   0x000000000003a125      0x2c9 ./Drivers/STM32H7xx_HAL_Driver/stm32h7xx_hal_tim.o
 .debug_macro   0x000000000003a3ee      0x2c8 ./Drivers/STM32H7xx_HAL_Driver/stm32h7xx_hal_tim_ex.o

.debug_line     0x0000000000000000     0xef9c
 .debug_line    0x0000000000000000      0xaa9 ./Common/Src/system_stm32h7xx_dualcore_boot_cm4_cm7.o
 .debug_line    0x0000000000000aa9      0x9c4 ./Core/Src/main.o
 .debug_line    0x000000000000146d      0x939 ./Core/Src/stm32h7xx_hal_msp.o
 .debug_line    0x0000000000001da6      0x9fc ./Core/Src/stm32h7xx_it.o
 .debug_line    0x00000000000027a2      0xa47 ./Core/Src/tim.o
 .debug_line    0x00000000000031e9       0x7a ./Core/Startup/startup_stm32h755zitx.o
 .debug_line    0x0000000000003263     0x1067 ./Drivers/STM32H7xx_HAL_Driver/stm32h7xx_hal.o
 .debug_line    0x00000000000042ca      0xf1a ./Drivers/STM32H7xx_HAL_Driver/stm32h7xx_hal_cortex.o
 .debug_line    0x00000000000051e4      0xdcd ./Drivers/STM32H7xx_HAL_Driver/stm32h7xx_hal_gpio.o
 .debug_line    0x0000000000005fb1      0xaca ./Drivers/STM32H7xx_HAL_Driver/stm32h7xx_hal_hsem.o
 .debug_line    0x0000000000006a7b     0x1135 ./Drivers/STM32H7xx_HAL_Driver/stm32h7xx_hal_pwr_ex.o
 .debug_line    0x0000000000007bb0     0x14d8 ./Drivers/STM32H7xx_HAL_Driver/stm32h7xx_hal_rcc.o
 .debug_line    0x0000000000009088     0x4057 ./Drivers/STM32H7xx_HAL_Driver/stm32h7xx_hal_tim.o
 .debug_line    0x000000000000d0df     0x1ebd ./Drivers/STM32H7xx_HAL_Driver/stm32h7xx_hal_tim_ex.o

.debug_str      0x0000000000000000   0x187ed1
 .debug_str     0x0000000000000000   0x1839c8 ./Common/Src/system_stm32h7xx_dualcore_boot_cm4_cm7.o
                                     0x183e10 (size before relaxing)
 .debug_str     0x00000000001839c8      0x33d ./Core/Src/main.o
                                     0x184067 (size before relaxing)
 .debug_str     0x0000000000183d05       0x2c ./Core/Src/stm32h7xx_hal_msp.o
                                     0x183de6 (size before relaxing)
 .debug_str     0x0000000000183d31       0xc9 ./Core/Src/stm32h7xx_it.o
                                     0x183c45 (size before relaxing)
 .debug_str     0x0000000000183dfa      0x6dd ./Core/Src/tim.o
                                     0x184648 (size before relaxing)
 .debug_str     0x00000000001844d7       0x34 ./Core/Startup/startup_stm32h755zitx.o
                                         0x62 (size before relaxing)
 .debug_str     0x000000000018450b     0x12ae ./Drivers/STM32H7xx_HAL_Driver/stm32h7xx_hal.o
                                     0x185186 (size before relaxing)
 .debug_str     0x00000000001857b9      0x385 ./Drivers/STM32H7xx_HAL_Driver/stm32h7xx_hal_cortex.o
                                     0x1848d4 (size before relaxing)
 .debug_str     0x0000000000185b3e      0x1aa ./Drivers/STM32H7xx_HAL_Driver/stm32h7xx_hal_gpio.o
                                     0x184065 (size before relaxing)
 .debug_str     0x0000000000185ce8      0x1c4 ./Drivers/STM32H7xx_HAL_Driver/stm32h7xx_hal_hsem.o
                                     0x183cf0 (size before relaxing)
 .debug_str     0x0000000000185eac      0x6c3 ./Drivers/STM32H7xx_HAL_Driver/stm32h7xx_hal_pwr_ex.o
                                     0x1844bb (size before relaxing)
 .debug_str     0x000000000018656f      0x537 ./Drivers/STM32H7xx_HAL_Driver/stm32h7xx_hal_rcc.o
                                     0x1843e6 (size before relaxing)
 .debug_str     0x0000000000186aa6      0xe7a ./Drivers/STM32H7xx_HAL_Driver/stm32h7xx_hal_tim.o
                                     0x185162 (size before relaxing)
 .debug_str     0x0000000000187920      0x5b1 ./Drivers/STM32H7xx_HAL_Driver/stm32h7xx_hal_tim_ex.o
                                     0x184a9a (size before relaxing)

.debug_frame    0x0000000000000000     0x3390
 .debug_frame   0x0000000000000000       0x58 ./Common/Src/system_stm32h7xx_dualcore_boot_cm4_cm7.o
 .debug_frame   0x0000000000000058       0x48 ./Core/Src/main.o
 .debug_frame   0x00000000000000a0       0x38 ./Core/Src/stm32h7xx_hal_msp.o
 .debug_frame   0x00000000000000d8      0x104 ./Core/Src/stm32h7xx_it.o
 .debug_frame   0x00000000000001dc       0xa8 ./Core/Src/tim.o
 .debug_frame   0x0000000000000284      0x848 ./Drivers/STM32H7xx_HAL_Driver/stm32h7xx_hal.o
 .debug_frame   0x0000000000000acc      0x4b8 ./Drivers/STM32H7xx_HAL_Driver/stm32h7xx_hal_cortex.o
 .debug_frame   0x0000000000000f84      0x14c ./Drivers/STM32H7xx_HAL_Driver/stm32h7xx_hal_gpio.o
 .debug_frame   0x00000000000010d0      0x1bc ./Drivers/STM32H7xx_HAL_Driver/stm32h7xx_hal_hsem.o
 .debug_frame   0x000000000000128c      0x5ec ./Drivers/STM32H7xx_HAL_Driver/stm32h7xx_hal_pwr_ex.o
 .debug_frame   0x0000000000001878      0x1f8 ./Drivers/STM32H7xx_HAL_Driver/stm32h7xx_hal_rcc.o
 .debug_frame   0x0000000000001a70     0x121c ./Drivers/STM32H7xx_HAL_Driver/stm32h7xx_hal_tim.o
 .debug_frame   0x0000000000002c8c      0x6d8 ./Drivers/STM32H7xx_HAL_Driver/stm32h7xx_hal_tim_ex.o
 .debug_frame   0x0000000000003364       0x2c C:/ST/STM32CubeIDE_1.12.0/STM32CubeIDE/plugins/com.st.stm32cube.ide.mcu.externaltools.gnu-tools-for-stm32.11.3.rel1.win32_1.1.100.202309141235/tools/bin/../lib/gcc/arm-none-eabi/11.3.1/../../../../arm-none-eabi/lib/thumb/v7e-m+fp/hard\libc_nano.a(libc_a-init.o)

.debug_line_str
                0x0000000000000000       0x56
 .debug_line_str
                0x0000000000000000       0x56 ./Core/Startup/startup_stm32h755zitx.o
                                         0x6e (size before relaxing)
